{
  "foo": "foo_boKRv",
  "bar": "bar_boKRv foo_boKRv",
  "baz": "baz_boKRv bar_boKRv foo_boKRv",
  "pop": "pop_boKRv foo_boKRv",
  "qux": "qux_boKRv"
}
