{
  "lol": "lol_26OsTp",
  "baz": "baz_26OsTp lol_26OsTp bar_boKRv foo_boKRv",
  "fob": "fob_26OsTp foo_boKRv"
}
